// Vitest Snapshot v1, https://vitest.dev/guide/snapshot.html

exports[`errors > when argument missing (last position) 1`] = `"Missing argument"`;

exports[`errors > when argument missing (non-last position) 1`] = `"Missing argument"`;

exports[`errors > when flag passed twice 1`] = `"Duplicate flag \\"name\\""`;

exports[`errors > when long and short flag passed  1`] = `"Duplicate flag \\"n\\""`;

exports[`is not trimmed by default 1`] = `
{
  "help": false,
  "name": "foobar  ",
}
`;
